<html>
<body>
<pre>
<h1>µVision Build Log</h1>
<h2>Tool Versions:</h2>
IDE-Version: µVision V5.24.2.0
Copyright (C) 2017 ARM Ltd and ARM Germany GmbH. All rights reserved.
License Information: T T, T, LIC=----
 
Tool Versions:
Toolchain:       MDK-Lite  Version: 5.24.1
Toolchain Path:  C:\Keil_v5\ARM\ARMCC\Bin
C Compiler:      Armcc.exe V5.06 update 5 (build 528)
Assembler:       Armasm.exe V5.06 update 5 (build 528)
Linker/Locator:  ArmLink.exe V5.06 update 5 (build 528)
Library Manager: ArmAr.exe V5.06 update 5 (build 528)
Hex Converter:   FromElf.exe V5.06 update 5 (build 528)
CPU DLL:         SARMCM3.DLL V5.24.1
Dialog DLL:      DCM.DLL V1.16.0.0
Target DLL:      lmidk-agdi.dll V???
Dialog DLL:      TCM.DLL V1.32.0.0
 
<h2>Project:</h2>
C:\Users\User\Desktop\TM4C-Stuff-master\Assignment\assignment.uvprojx
Project File Date:  11/22/2017

<h2>Output:</h2>
*** Using Compiler 'V5.06 update 5 (build 528)', folder: 'C:\Keil_v5\ARM\ARMCC\Bin'
Rebuild target 'Target 1'
compiling control.c...
control.h(11): warning:  #1295-D: Deprecated declaration increaseToggle - give arg types
  void increaseToggle();
control.h(12): warning:  #1295-D: Deprecated declaration decreaseToggle - give arg types
  void decreaseToggle();
control.h(13): warning:  #1295-D: Deprecated declaration setLED - give arg types
  void setLED();
control.h(14): warning:  #1295-D: Deprecated declaration listen - give arg types
  void listen();
control.c(24): warning:  #1-D: last line of file ends without a newline
  }
control.c: 5 warnings, 0 errors
compiling main.c...
control.h(11): warning:  #1295-D: Deprecated declaration increaseToggle - give arg types
  void increaseToggle();
control.h(12): warning:  #1295-D: Deprecated declaration decreaseToggle - give arg types
  void decreaseToggle();
control.h(13): warning:  #1295-D: Deprecated declaration setLED - give arg types
  void setLED();
control.h(14): warning:  #1295-D: Deprecated declaration listen - give arg types
  void listen();
main.c: 4 warnings, 0 errors
assembling Startup.s...
linking...
Program Size: Code=1068 RO-data=16 RW-data=0 ZI-data=352  
".\assignment.axf" - 0 Error(s), 9 Warning(s).

<h2>Software Packages used:</h2>

Package Vendor: ARM
                http://www.keil.com/pack/ARM.CMSIS.5.1.1.pack
                ARM.CMSIS.5.1.1
                CMSIS (Cortex Microcontroller Software Interface Standard)
   * Component: CORE Version: 5.0.2

Package Vendor: Keil
                http://www.keil.com/pack/Keil.LM4F_DFP.1.0.0.pack
                Keil.LM4F_DFP.1.0.0
                Texas Instruments LM4F Series Device Support
   * Component: Startup Version: 1.0.0

<h2>Collection of Component include folders:</h2>
  .\RTE\_Target_1
  C:\Keil_v5\ARM\PACK\ARM\CMSIS\5.1.1\CMSIS\Include
  C:\Keil_v5\ARM\PACK\Keil\LM4F_DFP\1.0.0\Device\Include

<h2>Collection of Component Files used:</h2>

   * Component: Keil::Device:Startup:1.0.0
      Include file:  Device\Include\LM4F120H5QR.h
      Source file:   Device\Source\ARM\Startup.s

   * Component: ARM::CMSIS:CORE:5.0.2
Build Time Elapsed:  00:00:01
</pre>
</body>
</html>
